\BOOKMARK [1][-]{section.1}{\376\377\000E\000j\000e\000r\000c\000i\000c\000i\000o\000\040\0002\000.\0001\0000\000.\000\040\000S\000o\000b\000r\000e\000c\000a\000r\000g\000a\000\040\000d\000e\000\040\000m\000\351\000t\000o\000d\000o\000s}{}% 1
\BOOKMARK [2][-]{subsection.1.1}{\376\377\000E\000n\000u\000n\000c\000i\000a\000d\000o\000\040\000\050\000E\000j\000e\000m\000p\000l\000o\000\040\000d\000e\000l\000\040\000T\000e\000x\000t\000o\000\051\000:\000\040\000C\000l\000a\000s\000e\000\040\000P\000e\000d\000i\000d\000o}{section.1}% 2
\BOOKMARK [3][-]{subsubsection.1.1.1}{\376\377\000C\000\363\000d\000i\000g\000o\000\040\000F\000u\000e\000n\000t\000e}{subsection.1.1}% 3
\BOOKMARK [3][-]{subsubsection.1.1.2}{\376\377\000D\000i\000a\000g\000r\000a\000m\000a\000\040\000d\000e\000\040\000c\000l\000a\000s\000e\000s}{subsection.1.1}% 4
\BOOKMARK [3][-]{subsubsection.1.1.3}{\376\377\000L\000i\000n\000k}{subsection.1.1}% 5
\BOOKMARK [2][-]{subsection.1.2}{\376\377\000E\000j\000e\000r\000c\000i\000c\000i\000o\000\040\000P\000r\000o\000p\000u\000e\000s\000t\000o\000:\000\040\000C\000l\000a\000s\000e\000\040\000S\000u\000m\000a}{section.1}% 6
\BOOKMARK [3][-]{subsubsection.1.2.1}{\376\377\000C\000\363\000d\000i\000g\000o\000\040\000F\000u\000e\000n\000t\000e}{subsection.1.2}% 7
\BOOKMARK [3][-]{subsubsection.1.2.2}{\376\377\000D\000i\000a\000g\000r\000a\000m\000a\000\040\000d\000e\000\040\000c\000l\000a\000s\000e\000s}{subsection.1.2}% 8
\BOOKMARK [3][-]{subsubsection.1.2.3}{\376\377\000L\000i\000n\000k}{subsection.1.2}% 9
\BOOKMARK [1][-]{section.2}{\376\377\000E\000j\000e\000r\000c\000i\000c\000i\000o\000\040\0002\000.\0001\0001\000.\000\040\000S\000o\000b\000r\000e\000c\000a\000r\000g\000a\000\040\000d\000e\000\040\000c\000o\000n\000s\000t\000r\000u\000c\000t\000o\000r\000e\000s}{}% 10
\BOOKMARK [2][-]{subsection.2.1}{\376\377\000E\000n\000u\000n\000c\000i\000a\000d\000o\000\040\000\050\000E\000j\000e\000m\000p\000l\000o\000\040\000d\000e\000l\000\040\000T\000e\000x\000t\000o\000\051\000:\000\040\000C\000l\000a\000s\000e\000\040\000A\000r\000t\000\355\000c\000u\000l\000o\000C\000i\000e\000n\000t\000\355\000f\000i\000c\000o}{section.2}% 11
\BOOKMARK [3][-]{subsubsection.2.1.1}{\376\377\000C\000\363\000d\000i\000g\000o\000\040\000F\000u\000e\000n\000t\000e}{subsection.2.1}% 12
\BOOKMARK [3][-]{subsubsection.2.1.2}{\376\377\000D\000i\000a\000g\000r\000a\000m\000a\000\040\000d\000e\000\040\000c\000l\000a\000s\000e\000s}{subsection.2.1}% 13
\BOOKMARK [3][-]{subsubsection.2.1.3}{\376\377\000L\000i\000n\000k}{subsection.2.1}% 14
\BOOKMARK [2][-]{subsection.2.2}{\376\377\000E\000j\000e\000r\000c\000i\000c\000i\000o\000\040\000P\000r\000o\000p\000u\000e\000s\000t\000o\000:\000\040\000C\000l\000a\000s\000e\000s\000\040\000E\000m\000p\000l\000e\000a\000d\000o\000\040\000y\000\040\000C\000a\000j\000a}{section.2}% 15
\BOOKMARK [3][-]{subsubsection.2.2.1}{\376\377\000C\000\363\000d\000i\000g\000o\000\040\000F\000u\000e\000n\000t\000e}{subsection.2.2}% 16
\BOOKMARK [3][-]{subsubsection.2.2.2}{\376\377\000D\000i\000a\000g\000r\000a\000m\000a\000\040\000d\000e\000\040\000c\000l\000a\000s\000e\000s}{subsection.2.2}% 17
\BOOKMARK [3][-]{subsubsection.2.2.3}{\376\377\000L\000i\000n\000k}{subsection.2.2}% 18
\BOOKMARK [1][-]{section.3}{\376\377\000E\000j\000e\000r\000c\000i\000c\000i\000o\000\040\0004\000.\0004\000.\000\040\000P\000o\000l\000i\000m\000o\000r\000f\000i\000s\000m\000o}{}% 19
\BOOKMARK [2][-]{subsection.3.1}{\376\377\000E\000n\000u\000n\000c\000i\000a\000d\000o\000\040\000\050\000E\000j\000e\000m\000p\000l\000o\000\040\000d\000e\000l\000\040\000T\000e\000x\000t\000o\000\051\000:\000\040\000C\000l\000a\000s\000e\000\040\000P\000r\000o\000f\000e\000s\000o\000r\000\040\000y\000\040\000P\000r\000o\000f\000e\000s\000o\000r\000T\000i\000t\000u\000l\000a\000r}{section.3}% 20
\BOOKMARK [3][-]{subsubsection.3.1.1}{\376\377\000C\000\363\000d\000i\000g\000o\000\040\000F\000u\000e\000n\000t\000e}{subsection.3.1}% 21
\BOOKMARK [3][-]{subsubsection.3.1.2}{\376\377\000D\000i\000a\000g\000r\000a\000m\000a\000\040\000d\000e\000\040\000c\000l\000a\000s\000e\000s}{subsection.3.1}% 22
\BOOKMARK [3][-]{subsubsection.3.1.3}{\376\377\000L\000i\000n\000k}{subsection.3.1}% 23
\BOOKMARK [2][-]{subsection.3.2}{\376\377\000E\000j\000e\000r\000c\000i\000c\000i\000o\000\040\000P\000r\000o\000p\000u\000e\000s\000t\000o\000:\000\040\000C\000a\000s\000t\000i\000n\000g\000\040\000e\000n\000\040\000P\000r\000u\000e\000b\000a}{section.3}% 24
\BOOKMARK [3][-]{subsubsection.3.2.1}{\376\377\000C\000\363\000d\000i\000g\000o\000\040\000F\000u\000e\000n\000t\000e}{subsection.3.2}% 25
\BOOKMARK [3][-]{subsubsection.3.2.2}{\376\377\000D\000i\000a\000g\000r\000a\000m\000a\000\040\000d\000e\000\040\000c\000l\000a\000s\000e\000s}{subsection.3.2}% 26
\BOOKMARK [3][-]{subsubsection.3.2.3}{\376\377\000L\000i\000n\000k}{subsection.3.2}% 27
\BOOKMARK [1][-]{section.4}{\376\377\000E\000j\000e\000r\000c\000i\000c\000i\000o\000\040\0004\000.\0006\000.\000\040\000M\000\351\000t\000o\000d\000o\000s\000\040\000p\000o\000l\000i\000m\000\363\000r\000f\000i\000c\000o\000s}{}% 28
\BOOKMARK [2][-]{subsection.4.1}{\376\377\000E\000n\000u\000n\000c\000i\000a\000d\000o\000\040\000\050\000E\000j\000e\000m\000p\000l\000o\000\040\000d\000e\000l\000\040\000T\000e\000x\000t\000o\000\051\000:\000\040\000E\000r\000r\000o\000r\000\040\000d\000e\000\040\000t\000i\000p\000o\000\040\000e\000s\000t\000\341\000t\000i\000c\000o}{section.4}% 29
\BOOKMARK [3][-]{subsubsection.4.1.1}{\376\377\000C\000\363\000d\000i\000g\000o\000\040\000F\000u\000e\000n\000t\000e}{subsection.4.1}% 30
\BOOKMARK [3][-]{subsubsection.4.1.2}{\376\377\000D\000i\000a\000g\000r\000a\000m\000a\000\040\000d\000e\000\040\000c\000l\000a\000s\000e\000s}{subsection.4.1}% 31
\BOOKMARK [3][-]{subsubsection.4.1.3}{\376\377\000L\000i\000n\000k}{subsection.4.1}% 32
\BOOKMARK [2][-]{subsection.4.2}{\376\377\000E\000j\000e\000r\000c\000i\000c\000i\000o\000\040\000P\000r\000o\000p\000u\000e\000s\000t\000o\000:\000\040\000V\000e\000c\000t\000o\000r\000\040\000G\000e\000n\000\351\000r\000i\000c\000o}{section.4}% 33
\BOOKMARK [3][-]{subsubsection.4.2.1}{\376\377\000C\000\363\000d\000i\000g\000o\000\040\000F\000u\000e\000n\000t\000e}{subsection.4.2}% 34
\BOOKMARK [3][-]{subsubsection.4.2.2}{\376\377\000D\000i\000a\000g\000r\000a\000m\000a\000\040\000d\000e\000\040\000c\000l\000a\000s\000e\000s}{subsection.4.2}% 35
\BOOKMARK [3][-]{subsubsection.4.2.3}{\376\377\000L\000i\000n\000k}{subsection.4.2}% 36
\BOOKMARK [1][-]{section.5}{\376\377\000E\000j\000e\000r\000c\000i\000c\000i\000o\000\040\0004\000.\0007\000.\000\040\000C\000l\000a\000s\000e\000s\000\040\000a\000b\000s\000t\000r\000a\000c\000t\000a\000s}{}% 37
\BOOKMARK [2][-]{subsection.5.1}{\376\377\000E\000n\000u\000n\000c\000i\000a\000d\000o\000\040\000\050\000E\000j\000e\000m\000p\000l\000o\000\040\000d\000e\000l\000\040\000T\000e\000x\000t\000o\000\051\000:\000\040\000J\000e\000r\000a\000r\000q\000u\000\355\000a\000\040\000A\000n\000i\000m\000a\000l\000e\000s}{section.5}% 38
\BOOKMARK [3][-]{subsubsection.5.1.1}{\376\377\000C\000\363\000d\000i\000g\000o\000\040\000F\000u\000e\000n\000t\000e}{subsection.5.1}% 39
\BOOKMARK [3][-]{subsubsection.5.1.2}{\376\377\000D\000i\000a\000g\000r\000a\000m\000a\000\040\000d\000e\000\040\000c\000l\000a\000s\000e\000s}{subsection.5.1}% 40
\BOOKMARK [3][-]{subsubsection.5.1.3}{\376\377\000L\000i\000n\000k}{subsection.5.1}% 41
\BOOKMARK [2][-]{subsection.5.2}{\376\377\000E\000j\000e\000r\000c\000i\000c\000i\000o\000\040\000P\000r\000o\000p\000u\000e\000s\000t\000o\000:\000\040\000J\000e\000r\000a\000r\000q\000u\000\355\000a\000\040\000N\000u\000m\000\351\000r\000i\000c\000a}{section.5}% 42
\BOOKMARK [3][-]{subsubsection.5.2.1}{\376\377\000C\000\363\000d\000i\000g\000o\000\040\000F\000u\000e\000n\000t\000e}{subsection.5.2}% 43
\BOOKMARK [3][-]{subsubsection.5.2.2}{\376\377\000D\000i\000a\000g\000r\000a\000m\000a\000\040\000d\000e\000\040\000c\000l\000a\000s\000e\000s}{subsection.5.2}% 44
\BOOKMARK [3][-]{subsubsection.5.2.3}{\376\377\000L\000i\000n\000k}{subsection.5.2}% 45
