\BOOKMARK [1][-]{section.1}{\376\377\000P\000r\000u\000e\000b\000a\000\040\000d\000e\000\040\000E\000x\000c\000e\000p\000c\000i\000o\000n\000e\000s\000\040\000\050\000P\000\341\000g\000.\000\040\0004\0000\0000\000\051}{}% 1
\BOOKMARK [2][-]{subsection.1.1}{\376\377\000I\000n\000t\000e\000r\000f\000a\000z\000\040\000d\000e\000\040\000u\000s\000u\000a\000r\000i\000o}{section.1}% 2
\BOOKMARK [2][-]{subsection.1.2}{\376\377\000D\000i\000a\000g\000r\000a\000m\000a\000\040\000d\000e\000\040\000c\000l\000a\000s\000e\000s}{section.1}% 3
\BOOKMARK [2][-]{subsection.1.3}{\376\377\000C\000a\000s\000o\000s\000\040\000d\000e\000\040\000u\000s\000o}{section.1}% 4
\BOOKMARK [2][-]{subsection.1.4}{\376\377\000L\000i\000n\000k}{section.1}% 5
\BOOKMARK [1][-]{section.2}{\376\377\000V\000a\000l\000i\000d\000a\000c\000i\000\363\000n\000\040\000V\000e\000n\000d\000e\000d\000o\000r\000\040\000\050\000P\000\341\000g\000.\000\040\0004\0000\0006\000\051}{}% 6
\BOOKMARK [2][-]{subsection.2.1}{\376\377\000I\000n\000t\000e\000r\000f\000a\000z\000\040\000d\000e\000\040\000u\000s\000u\000a\000r\000i\000o}{section.2}% 7
\BOOKMARK [2][-]{subsection.2.2}{\376\377\000D\000i\000a\000g\000r\000a\000m\000a\000\040\000d\000e\000\040\000c\000l\000a\000s\000e\000s}{section.2}% 8
\BOOKMARK [2][-]{subsection.2.3}{\376\377\000C\000a\000s\000o\000s\000\040\000d\000e\000\040\000u\000s\000o}{section.2}% 9
\BOOKMARK [2][-]{subsection.2.4}{\376\377\000L\000i\000n\000k}{section.2}% 10
\BOOKMARK [1][-]{section.3}{\376\377\000C\000\341\000l\000c\000u\000l\000o\000s\000\040\000N\000u\000m\000\351\000r\000i\000c\000o\000s\000\040\000\050\000P\000\341\000g\000.\000\040\0004\0001\0002\000\051}{}% 11
\BOOKMARK [2][-]{subsection.3.1}{\376\377\000I\000n\000t\000e\000r\000f\000a\000z\000\040\000d\000e\000\040\000u\000s\000u\000a\000r\000i\000o}{section.3}% 12
\BOOKMARK [2][-]{subsection.3.2}{\376\377\000D\000i\000a\000g\000r\000a\000m\000a\000\040\000d\000e\000\040\000c\000l\000a\000s\000e\000s}{section.3}% 13
\BOOKMARK [2][-]{subsection.3.3}{\376\377\000C\000a\000s\000o\000s\000\040\000d\000e\000\040\000u\000s\000o}{section.3}% 14
\BOOKMARK [2][-]{subsection.3.4}{\376\377\000L\000i\000n\000k}{section.3}% 15
\BOOKMARK [1][-]{section.4}{\376\377\000E\000q\000u\000i\000p\000o\000\040\000M\000a\000r\000a\000t\000\363\000n\000\040\000\050\000P\000\341\000g\000.\000\040\0004\0001\0008\000\051}{}% 16
\BOOKMARK [2][-]{subsection.4.1}{\376\377\000I\000n\000t\000e\000r\000f\000a\000z\000\040\000d\000e\000\040\000u\000s\000u\000a\000r\000i\000o}{section.4}% 17
\BOOKMARK [2][-]{subsection.4.2}{\376\377\000D\000i\000a\000g\000r\000a\000m\000a\000\040\000d\000e\000\040\000c\000l\000a\000s\000e\000s}{section.4}% 18
\BOOKMARK [2][-]{subsection.4.3}{\376\377\000C\000a\000s\000o\000s\000\040\000d\000e\000\040\000u\000s\000o}{section.4}% 19
\BOOKMARK [2][-]{subsection.4.4}{\376\377\000L\000i\000n\000k}{section.4}% 20
\BOOKMARK [1][-]{section.5}{\376\377\000L\000e\000e\000r\000\040\000A\000r\000c\000h\000i\000v\000o\000\040\000\050\000P\000\341\000g\000.\000\040\0004\0002\0007\000\051}{}% 21
\BOOKMARK [2][-]{subsection.5.1}{\376\377\000I\000n\000t\000e\000r\000f\000a\000z\000\040\000d\000e\000\040\000u\000s\000u\000a\000r\000i\000o}{section.5}% 22
\BOOKMARK [2][-]{subsection.5.2}{\376\377\000D\000i\000a\000g\000r\000a\000m\000a\000\040\000d\000e\000\040\000c\000l\000a\000s\000e\000s}{section.5}% 23
\BOOKMARK [2][-]{subsection.5.3}{\376\377\000C\000a\000s\000o\000s\000\040\000d\000e\000\040\000u\000s\000o}{section.5}% 24
\BOOKMARK [2][-]{subsection.5.4}{\376\377\000L\000i\000n\000k}{section.5}% 25
\BOOKMARK [1][-]{section.6}{\376\377\000C\000o\000n\000c\000l\000u\000s\000i\000\363\000n}{}% 26
